******************************************************************************
                  TI ARM Linker PC v5.2.6                      
******************************************************************************
>> Linked Sun Jan 17 12:48:49 2016

OUTPUT FILE NAME:   <msp432p401_adc14_01.out>
ENTRY POINT SYMBOL: "_c_int00"  address: 000002bd


MEMORY CONFIGURATION

         name            origin    length      used     unused   attr    fill
----------------------  --------  ---------  --------  --------  ----  --------
  MAIN                  00000000   00040000  00000400  0003fc00  R  X
  INFO                  00200000   00004000  00000000  00004000  R  X
  SRAM_CODE             01000000   00010000  00000000  00010000  RW X
  SRAM_DATA             20000000   00010000  00000214  0000fdec  RW  


SEGMENT ALLOCATION MAP

run origin  load origin   length   init length attrs members
----------  ----------- ---------- ----------- ----- -------
00000000    00000000    00000400   00000400    r-x
  00000000    00000000    000003e0   000003e0    r-x .text
  000003e0    000003e0    00000020   00000020    r-- .cinit
20000000    20000000    00000014   00000000    rw-
  20000000    20000000    00000014   00000000    rw- .data
2000fe00    2000fe00    00000200   00000000    rw-
  2000fe00    2000fe00    00000200   00000000    rw- .stack


SECTION ALLOCATION MAP

 output                                  attributes/
section   page    origin      length       input sections
--------  ----  ----------  ----------   ----------------
.text      0    00000000    000003e0     
                  00000000    000000cc     msp432p401_adc14_01.obj (.text)
                  000000cc    0000009c     rtsv7M4_T_le_v4SPD16_eabi.lib : memcpy_t2.obj (.text)
                  00000168    0000007a                                   : memset_t2.obj (.text)
                  000001e2    00000002     --HOLE-- [fill = 0]
                  000001e4    0000006c                                   : autoinit.obj (.text)
                  00000250    0000006a                                   : copy_decompress_rle.obj (.text)
                  000002ba    00000002     --HOLE-- [fill = 0]
                  000002bc    00000050                                   : boot.obj (.text)
                  0000030c    0000004c                                   : cpy_tbl.obj (.text)
                  00000358    00000044                                   : exit.obj (.text)
                  0000039c    00000018                                   : args_main.obj (.text)
                  000003b4    00000014                                   : _lock.obj (.text)
                  000003c8    0000000e                                   : copy_decompress_none.obj (.text:decompress:none)
                  000003d6    00000006                                   : copy_decompress_rle.obj (.text:decompress:rle24)
                  000003dc    00000004                                   : pre_init.obj (.text)

.cinit     0    000003e0    00000020     
                  000003e0    0000000f     (.cinit..data.load) [load image, compression = rle]
                  000003ef    00000001     --HOLE-- [fill = 0]
                  000003f0    00000008     (__TI_handler_table)
                  000003f8    00000008     (__TI_cinit_table)

.init_array 
*          0    00000000    00000000     UNINITIALIZED

.data      0    20000000    00000014     UNINITIALIZED
                  20000000    00000008     rtsv7M4_T_le_v4SPD16_eabi.lib : _lock.obj (.data)
                  20000008    00000008                                   : exit.obj (.data)
                  20000010    00000004                                   : stkdepth_vars.obj (.data)

.TI.persistent 
*          0    20000000    00000000     UNINITIALIZED

.stack     0    2000fe00    00000200     UNINITIALIZED
                  2000fe00    00000200     --HOLE--


LINKER GENERATED COPY TABLES

__TI_cinit_table @ 000003f8 records: 1, size/record: 8, table size: 8
	.data: load addr=000003e0, load size=0000000f bytes, run addr=20000000, run size=00000014 bytes, compression=rle


LINKER GENERATED HANDLER TABLE

__TI_handler_table @ 000003f0 records: 2, size/record: 4, table size: 8
	index: 0, handler: __TI_decompress_rle24
	index: 1, handler: __TI_decompress_none


GLOBAL SYMBOLS: SORTED ALPHABETICALLY BY Name 

address   name                    
-------   ----                    
00000093  ADC14IsrHandler         
00000359  C$$EXIT                 
UNDEFED   SHT$$INIT_ARRAY$$Base   
UNDEFED   SHT$$INIT_ARRAY$$Limit  
4000480c  WDTCTL_SYM              
20010000  __STACK_END             
00000200  __STACK_SIZE            
000003f8  __TI_CINIT_Base         
00000400  __TI_CINIT_Limit        
000003f0  __TI_Handler_Table_Base 
000003f8  __TI_Handler_Table_Limit
000001e5  __TI_auto_init          
20000008  __TI_cleanup_ptr        
000003c9  __TI_decompress_none    
000003d7  __TI_decompress_rle24   
2000000c  __TI_dtors_ptr          
00000000  __TI_static_base__      
00000169  __aeabi_memclr          
00000169  __aeabi_memclr4         
00000169  __aeabi_memclr8         
000000cd  __aeabi_memcpy          
000000cd  __aeabi_memcpy4         
000000cd  __aeabi_memcpy8         
0000016b  __aeabi_memset          
0000016b  __aeabi_memset4         
0000016b  __aeabi_memset8         
ffffffff  __binit__               
ffffffff  __c_args__              
2000fe00  __stack                 
0000039d  _args_main              
000002bd  _c_int00                
20000000  _lock                   
000003c3  _nop                    
000003bb  _register_lock          
000003b5  _register_unlock        
000003dd  _system_pre_init        
20000004  _unlock                 
0000035d  abort                   
ffffffff  binit                   
0000030d  copy_in                 
00000365  exit                    
00000001  main                    
20000010  main_func_sp            
000000cd  memcpy                  
00000171  memset                  


GLOBAL SYMBOLS: SORTED BY Symbol Address 

address   name                    
-------   ----                    
00000000  __TI_static_base__      
00000001  main                    
00000093  ADC14IsrHandler         
000000cd  __aeabi_memcpy          
000000cd  __aeabi_memcpy4         
000000cd  __aeabi_memcpy8         
000000cd  memcpy                  
00000169  __aeabi_memclr          
00000169  __aeabi_memclr4         
00000169  __aeabi_memclr8         
0000016b  __aeabi_memset          
0000016b  __aeabi_memset4         
0000016b  __aeabi_memset8         
00000171  memset                  
000001e5  __TI_auto_init          
00000200  __STACK_SIZE            
000002bd  _c_int00                
0000030d  copy_in                 
00000359  C$$EXIT                 
0000035d  abort                   
00000365  exit                    
0000039d  _args_main              
000003b5  _register_unlock        
000003bb  _register_lock          
000003c3  _nop                    
000003c9  __TI_decompress_none    
000003d7  __TI_decompress_rle24   
000003dd  _system_pre_init        
000003f0  __TI_Handler_Table_Base 
000003f8  __TI_CINIT_Base         
000003f8  __TI_Handler_Table_Limit
00000400  __TI_CINIT_Limit        
20000000  _lock                   
20000004  _unlock                 
20000008  __TI_cleanup_ptr        
2000000c  __TI_dtors_ptr          
20000010  main_func_sp            
2000fe00  __stack                 
20010000  __STACK_END             
4000480c  WDTCTL_SYM              
ffffffff  __binit__               
ffffffff  __c_args__              
ffffffff  binit                   
UNDEFED   SHT$$INIT_ARRAY$$Base   
UNDEFED   SHT$$INIT_ARRAY$$Limit  

[45 symbols]
