******************************************************************************
                  TI ARM Linker PC v5.2.6                      
******************************************************************************
>> Linked Mon Jan 18 12:39:57 2016

OUTPUT FILE NAME:   <msp432p401_adc14_01.out>
ENTRY POINT SYMBOL: "_c_int00"  address: 0000053d


MEMORY CONFIGURATION

         name            origin    length      used     unused   attr    fill
----------------------  --------  ---------  --------  --------  ----  --------
  MAIN                  00000000   00040000  000006c0  0003f940  R  X
  INFO                  00200000   00004000  00000000  00004000  R  X
  SRAM_CODE             01000000   00010000  00000000  00010000  RW X
  SRAM_DATA             20000000   00010000  00000224  0000fddc  RW  


SEGMENT ALLOCATION MAP

run origin  load origin   length   init length attrs members
----------  ----------- ---------- ----------- ----- -------
00000000    00000000    000006c0   000006c0    r-x
  00000000    00000000    00000140   00000140    r-- .intvecs
  00000140    00000140    00000548   00000548    r-x .text
  00000688    00000688    00000038   00000038    r-- .cinit
20000000    20000000    00000024   00000000    rw-
  20000000    20000000    0000001c   00000000    rw- .data
  2000001c    2000001c    00000008   00000000    rw- .bss
2000fe00    2000fe00    00000200   00000000    rw-
  2000fe00    2000fe00    00000200   00000000    rw- .stack


SECTION ALLOCATION MAP

 output                                  attributes/
section   page    origin      length       input sections
--------  ----  ----------  ----------   ----------------
.intvecs   0    00000000    00000140     
                  00000000    00000140     msp432_startup_ccs.obj (.intvecs:retain)

.text      0    00000140    00000548     
                  00000140    0000020e     MyADC14.obj (.text)
                  0000034e    0000009c     rtsv7M4_T_le_v4SPD16_eabi.lib : memcpy_t2.obj (.text)
                  000003ea    0000007a                                   : memset_t2.obj (.text)
                  00000464    0000006c                                   : autoinit.obj (.text)
                  000004d0    0000006a                                   : copy_decompress_rle.obj (.text)
                  0000053a    00000002     --HOLE-- [fill = 0]
                  0000053c    00000050                                   : boot.obj (.text)
                  0000058c    0000004c                                   : cpy_tbl.obj (.text)
                  000005d8    00000044                                   : exit.obj (.text)
                  0000061c    00000004                                   : pre_init.obj (.text)
                  00000620    0000001a     msp432_startup_ccs.obj (.text)
                  0000063a    00000002     --HOLE-- [fill = 0]
                  0000063c    00000018     rtsv7M4_T_le_v4SPD16_eabi.lib : args_main.obj (.text)
                  00000654    00000014                                   : _lock.obj (.text)
                  00000668    0000000e                                   : copy_decompress_none.obj (.text:decompress:none)
                  00000676    0000000c                                   : copy_zero_init.obj (.text:decompress:ZI)
                  00000682    00000006                                   : copy_decompress_rle.obj (.text:decompress:rle24)

.cinit     0    00000688    00000038     
                  00000688    00000012     (.cinit..data.load) [load image, compression = rle]
                  0000069a    00000002     --HOLE-- [fill = 0]
                  0000069c    0000000c     (__TI_handler_table)
                  000006a8    00000008     (.cinit..bss.load) [load image, compression = zero_init]
                  000006b0    00000010     (__TI_cinit_table)

.init_array 
*          0    00000000    00000000     UNINITIALIZED

.data      0    20000000    0000001c     UNINITIALIZED
                  20000000    00000008     MyADC14.obj (.data)
                  20000008    00000008     rtsv7M4_T_le_v4SPD16_eabi.lib : _lock.obj (.data)
                  20000010    00000008                                   : exit.obj (.data)
                  20000018    00000004                                   : stkdepth_vars.obj (.data)

.TI.persistent 
*          0    20000000    00000000     UNINITIALIZED

.bss       0    2000001c    00000008     UNINITIALIZED
                  2000001c    00000008     (.common:samples)

.TI.noinit 
*          0    2000001c    00000000     UNINITIALIZED

.stack     0    2000fe00    00000200     UNINITIALIZED
                  2000fe00    00000200     --HOLE--


LINKER GENERATED COPY TABLES

__TI_cinit_table @ 000006b0 records: 2, size/record: 8, table size: 16
	.data: load addr=00000688, load size=00000012 bytes, run addr=20000000, run size=0000001c bytes, compression=rle
	.bss: load addr=000006a8, load size=00000008 bytes, run addr=2000001c, run size=00000008 bytes, compression=zero_init


LINKER GENERATED HANDLER TABLE

__TI_handler_table @ 0000069c records: 3, size/record: 4, table size: 12
	index: 0, handler: __TI_decompress_rle24
	index: 1, handler: __TI_decompress_none
	index: 2, handler: __TI_zero_init


GLOBAL SYMBOLS: SORTED ALPHABETICALLY BY Name 

address   name                    
-------   ----                    
00000309  ADC14IsrHandler         
000005d9  C$$EXIT                 
UNDEFED   SHT$$INIT_ARRAY$$Base   
UNDEFED   SHT$$INIT_ARRAY$$Limit  
4000480c  WDTCTL_SYM              
20010000  __STACK_END             
00000200  __STACK_SIZE            
000006b0  __TI_CINIT_Base         
000006c0  __TI_CINIT_Limit        
0000069c  __TI_Handler_Table_Base 
000006a8  __TI_Handler_Table_Limit
00000465  __TI_auto_init          
20000010  __TI_cleanup_ptr        
00000669  __TI_decompress_none    
00000683  __TI_decompress_rle24   
20000014  __TI_dtors_ptr          
00000000  __TI_static_base__      
00000677  __TI_zero_init          
000003eb  __aeabi_memclr          
000003eb  __aeabi_memclr4         
000003eb  __aeabi_memclr8         
0000034f  __aeabi_memcpy          
0000034f  __aeabi_memcpy4         
0000034f  __aeabi_memcpy8         
000003ed  __aeabi_memset          
000003ed  __aeabi_memset4         
000003ed  __aeabi_memset8         
ffffffff  __binit__               
ffffffff  __c_args__              
2000fe00  __stack                 
0000063d  _args_main              
0000053d  _c_int00                
20000008  _lock                   
00000663  _nop                    
0000065b  _register_lock          
00000655  _register_unlock        
0000061d  _system_pre_init        
2000000c  _unlock                 
000005dd  abort                   
ffffffff  binit                   
0000058d  copy_in                 
000005e5  exit                    
00000000  interruptVectors        
00000149  main                    
20000018  main_func_sp            
0000034f  memcpy                  
000003f3  memset                  
20000000  sample_index            
2000001c  samples                 
20000004  voltage_ave             


GLOBAL SYMBOLS: SORTED BY Symbol Address 

address   name                    
-------   ----                    
00000000  __TI_static_base__      
00000000  interruptVectors        
00000149  main                    
00000200  __STACK_SIZE            
00000309  ADC14IsrHandler         
0000034f  __aeabi_memcpy          
0000034f  __aeabi_memcpy4         
0000034f  __aeabi_memcpy8         
0000034f  memcpy                  
000003eb  __aeabi_memclr          
000003eb  __aeabi_memclr4         
000003eb  __aeabi_memclr8         
000003ed  __aeabi_memset          
000003ed  __aeabi_memset4         
000003ed  __aeabi_memset8         
000003f3  memset                  
00000465  __TI_auto_init          
0000053d  _c_int00                
0000058d  copy_in                 
000005d9  C$$EXIT                 
000005dd  abort                   
000005e5  exit                    
0000061d  _system_pre_init        
0000063d  _args_main              
00000655  _register_unlock        
0000065b  _register_lock          
00000663  _nop                    
00000669  __TI_decompress_none    
00000677  __TI_zero_init          
00000683  __TI_decompress_rle24   
0000069c  __TI_Handler_Table_Base 
000006a8  __TI_Handler_Table_Limit
000006b0  __TI_CINIT_Base         
000006c0  __TI_CINIT_Limit        
20000000  sample_index            
20000004  voltage_ave             
20000008  _lock                   
2000000c  _unlock                 
20000010  __TI_cleanup_ptr        
20000014  __TI_dtors_ptr          
20000018  main_func_sp            
2000001c  samples                 
2000fe00  __stack                 
20010000  __STACK_END             
4000480c  WDTCTL_SYM              
ffffffff  __binit__               
ffffffff  __c_args__              
ffffffff  binit                   
UNDEFED   SHT$$INIT_ARRAY$$Base   
UNDEFED   SHT$$INIT_ARRAY$$Limit  

[50 symbols]
